// Jest Snapshot v1, https://goo.gl/fbAQLP

exports[`Footer renders correctly 1`] = `
<footer
  className="pageFooter"
>
  <ul>
    <li>
      <a
        href="/legal-notice/"
      >
        Impressum
      </a>
    </li>
    <li>
      <a
        href="/data-protection-and-privacy/"
      >
        Datenschutz
      </a>
    </li>
  </ul>
</footer>
`;
