// Jest Snapshot v1, https://goo.gl/fbAQLP

exports[`Footer renders correctly 1`] = `
<footer
  className="pageFooter"
>
  <div
    className="contactInformation"
  >
    <ul>
      <li>
        <strong>
          1234567-890
        </strong>
      </li>
      <li>
        <strong>
          <a
            href="mailto:me@example.com"
          >
            me@example.com
          </a>
        </strong>
      </li>
    </ul>
  </div>
  <ul
    className="legalAdvice"
  >
    <li>
      <mockConstructor
        to="/legal-notice/"
      >
        Impressum
      </mockConstructor>
    </li>
    <li>
      <mockConstructor
        to="/data-protection-and-privacy/"
      >
        Datenschutz
      </mockConstructor>
    </li>
  </ul>
</footer>
`;
