// Jest Snapshot v1, https://goo.gl/fbAQLP

exports[`Header renders correctly 1`] = `
<header
  className="siteHeader"
>
  <div
    className="headerContainer"
  >
    <h1
      style={
        Object {
          "margin": 0,
        }
      }
    >
      <a
        className="headerLink"
        href="/"
      >
        Default Starter
      </a>
    </h1>
  </div>
</header>
`;
