// Jest Snapshot v1, https://goo.gl/fbAQLP

exports[`Header renders correctly 1`] = `
<header
  className="siteHeader"
>
  <div
    className="logo"
    onClick={[Function]}
    role="button"
  >
    Default Starter
  </div>
  <div
    className="pageNavigation"
  >
    <nav>
      <ul>
        <li
          className="entry"
        >
          <a
            href="#"
          >
            Euphorika
          </a>
        </li>
        <li
          className="entry"
        >
          <a
            href="#"
          >
            Leistungen
          </a>
        </li>
        <li
          className="entry"
        >
          <a
            href="#"
          >
            Best Cases
          </a>
        </li>
        <li
          className="entry"
        >
          <a
            href="#"
          >
            Jobs
          </a>
        </li>
        <li
          className="entry"
        >
          <a
            href="#"
          >
            Kontakt
          </a>
        </li>
      </ul>
    </nav>
    <div
      className="closeNavigation"
      onClick={[Function]}
      role="button"
    >
      X
    </div>
  </div>
</header>
`;
