// Jest Snapshot v1, https://goo.gl/fbAQLP

exports[`ScrollingText renders correctly 1`] = `
<div
  className="contentMain"
>
  <div
    className="columnLeft"
  >
    <h1
      className="title"
    >
      Awesome Headline
    </h1>
  </div>
  <div
    className="columnRight"
  >
    Awesome Content
  </div>
</div>
`;
