// Jest Snapshot v1, https://goo.gl/fbAQLP

exports[`Video renders correctly 1`] = `
<section
  className="videoContainer"
>
  <div
    className="innerContainer"
  >
    <video
      autoPlay={true}
      loop={true}
      muted={true}
      playsInline={true}
      poster="/videos/design-poster.jpg"
    >
      <source
        src="/videos/design-video.m4v"
        type="video/mp4"
      />
    </video>
  </div>
</section>
`;
