// Jest Snapshot v1, https://goo.gl/fbAQLP

exports[`Video renders correctly 1`] = `
<section
  className="videoContainer"
>
  <video
    autoPlay={true}
    loop={true}
    muted={true}
    playsInline={true}
    poster="/videos/diver.jpg"
  >
    <source
      src="/videos/diver.mp4"
      type="video/mp4"
    />
  </video>
</section>
`;
